[preview.colorlib.com/theme/wordsmith/index.html]
[backblue.gif]
[fade.gif]
[index.html]
[preview.colorlib.com/theme/wordsmith/css/base.css]
[preview.colorlib.com/theme/wordsmith/css/vendor.css]
[preview.colorlib.com/theme/wordsmith/css/main.css]
[preview.colorlib.com/theme/wordsmith/js/modernizr.js]
[preview.colorlib.com/theme/wordsmith/favicon.ico]
[preview.colorlib.com/theme/wordsmith/index-2.html]
[preview.colorlib.com/theme/wordsmith/images/logo.svg]
[preview.colorlib.com/theme/wordsmith/category.html]
[preview.colorlib.com/theme/wordsmith/single-video.html]
[preview.colorlib.com/theme/wordsmith/single-audio.html]
[preview.colorlib.com/theme/wordsmith/single-standard.html]
[preview.colorlib.com/theme/wordsmith/style-guide.html]
[preview.colorlib.com/theme/wordsmith/page-about.html]
[preview.colorlib.com/theme/wordsmith/page-contact.html]
[preview.colorlib.com/theme/wordsmith/images/thumbs/featured/featured-guitarman.jpg]
[preview.colorlib.com/theme/wordsmith/images/avatars/user-05.jpg]
[preview.colorlib.com/theme/wordsmith/images/thumbs/featured/featured-watch.jpg]
[preview.colorlib.com/theme/wordsmith/images/avatars/user-03.jpg]
[preview.colorlib.com/theme/wordsmith/images/thumbs/featured/featured-beetle.jpg]
[preview.colorlib.com/theme/wordsmith/images/thumbs/post/lamp-400.jpg]
[preview.colorlib.com/theme/wordsmith/images/thumbs/post/tulips-400.jpg]
[preview.colorlib.com/theme/wordsmith/images/thumbs/post/music-400.jpg]
[preview.colorlib.com/theme/wordsmith/images/thumbs/post/watch-400.jpg]
[preview.colorlib.com/theme/wordsmith/images/thumbs/post/wheel-400.jpg]
[preview.colorlib.com/theme/wordsmith/images/thumbs/post/guitarist-400.jpg]
[preview.colorlib.com/theme/wordsmith/images/thumbs/post/jump-400.jpg]
[preview.colorlib.com/theme/wordsmith/images/thumbs/post/flowers-400.jpg]
[preview.colorlib.com/theme/wordsmith/images/thumbs/post/woodcraft-400.jpg]
[preview.colorlib.com/theme/wordsmith/images/thumbs/post/fuji-400.jpg]
[preview.colorlib.com/theme/wordsmith/images/thumbs/post/beetle-400.jpg]
[preview.colorlib.com/theme/wordsmith/images/thumbs/post/sydney-400.jpg]
[preview.colorlib.com/theme/wordsmith/images/thumbs/small/tulips-150.jpg]
[preview.colorlib.com/theme/wordsmith/images/thumbs/small/wheel-150.jpg]
[preview.colorlib.com/theme/wordsmith/images/thumbs/small/shutterbug-150.jpg]
[preview.colorlib.com/theme/wordsmith/images/thumbs/small/cookies-150.jpg]
[preview.colorlib.com/theme/wordsmith/images/thumbs/small/beetle-150.jpg]
[preview.colorlib.com/theme/wordsmith/images/thumbs/small/salad-150.jpg]
[preview.colorlib.com/theme/wordsmith/js/jquery-3.2.1.min.js]
[preview.colorlib.com/theme/wordsmith/js/plugins.js]
[preview.colorlib.com/theme/wordsmith/index.html]
[preview.colorlib.com/theme/wordsmith/js/main.js]
[preview.colorlib.com/theme/wordsmith/css/base.css]
[preview.colorlib.com/theme/wordsmith/css/vendor.css]
[preview.colorlib.com/theme/wordsmith/css/font-awesome/css/fontawesome-all.css]
[preview.colorlib.com/theme/wordsmith/images/icons/icon-arrow-left.svg]
[preview.colorlib.com/theme/wordsmith/images/icons/icon-arrow-right.svg]
[preview.colorlib.com/theme/wordsmith/images/icons/icon-search.svg]
[preview.colorlib.com/theme/wordsmith/images/icons/icon-mail.svg]
[preview.colorlib.com/theme/wordsmith/images/icons/icon-arrow-up.svg]
[preview.colorlib.com/theme/wordsmith/images/icons/icon-plus.svg]
[preview.colorlib.com/theme/wordsmith/css/main.css]
[preview.colorlib.com/cdn-cgi/zaraz/sd0d9.js]
[preview.colorlib.com/theme/wordsmith/index-2.html]
[preview.colorlib.com/theme/wordsmith/images/logo.svg]
[preview.colorlib.com/theme/wordsmith/category.html]
[preview.colorlib.com/theme/wordsmith/images/icons/icon-minus.svg]
[preview.colorlib.com/theme/wordsmith/images/wheel-1000.jpg]
[preview.colorlib.com/theme/wordsmith/images/avatars/user-01.jpg]
[preview.colorlib.com/theme/wordsmith/images/avatars/user-04.jpg]
[preview.colorlib.com/theme/wordsmith/images/avatars/user-02.jpg]
[preview.colorlib.com/theme/wordsmith/single-video.html]
[preview.colorlib.com/theme/wordsmith/single-audio.html]
[preview.colorlib.com/theme/wordsmith/images/thumbs/single/standard/standard-1000.jpg]
[preview.colorlib.com/theme/wordsmith/single-standard.html]
[preview.colorlib.com/theme/wordsmith/images/sample-image.jpg]
[preview.colorlib.com/theme/wordsmith/images/wheel-500.jpg]
[preview.colorlib.com/theme/wordsmith/style-guide.html]
[preview.colorlib.com/theme/wordsmith/images/thumbs/about/about-1000.jpg]
[preview.colorlib.com/theme/wordsmith/page-about.html]
[preview.colorlib.com/theme/wordsmith/images/thumbs/contact/contact-1000.jpg]
[preview.colorlib.com/theme/wordsmith/page-contact.html]
[preview.colorlib.com/cdn-cgi/scripts/5c5dd728/cloudflare-static/email-decode.min.js]
[preview.colorlib.com/theme/wordsmith/css/font-awesome/webfonts/fa-brands-400.eot]
[preview.colorlib.com/theme/wordsmith/css/font-awesome/webfonts/fa-brands-400d41d.eot]
[preview.colorlib.com/theme/wordsmith/css/font-awesome/webfonts/fa-brands-400.woff2]
[preview.colorlib.com/theme/wordsmith/css/font-awesome/webfonts/fa-brands-400.woff]
[preview.colorlib.com/theme/wordsmith/css/font-awesome/webfonts/fa-brands-400.ttf]
[preview.colorlib.com/theme/wordsmith/css/font-awesome/webfonts/fa-regular-400.eot]
[preview.colorlib.com/theme/wordsmith/css/font-awesome/webfonts/fa-brands-400.svg]
[preview.colorlib.com/theme/wordsmith/css/font-awesome/webfonts/fa-regular-400d41d.eot]
[preview.colorlib.com/theme/wordsmith/css/font-awesome/webfonts/fa-regular-400.woff2]
[preview.colorlib.com/theme/wordsmith/css/font-awesome/webfonts/fa-regular-400.woff]
[preview.colorlib.com/theme/wordsmith/css/font-awesome/webfonts/fa-regular-400.ttf]
[preview.colorlib.com/theme/wordsmith/css/font-awesome/webfonts/fa-regular-400.svg]
[preview.colorlib.com/theme/wordsmith/css/font-awesome/webfonts/fa-solid-900.eot]
[preview.colorlib.com/theme/wordsmith/css/font-awesome/webfonts/fa-solid-900d41d.eot]
[preview.colorlib.com/theme/wordsmith/css/font-awesome/webfonts/fa-solid-900.woff2]
[preview.colorlib.com/theme/wordsmith/css/font-awesome/webfonts/fa-solid-900.woff]
[preview.colorlib.com/theme/wordsmith/css/font-awesome/css/fontawesome-all.css]
[preview.colorlib.com/theme/wordsmith/images/icons/icon-arrow-left.svg]
[preview.colorlib.com/theme/wordsmith/images/icons/icon-arrow-right.svg]
[preview.colorlib.com/theme/wordsmith/images/icons/icon-search.svg]
[preview.colorlib.com/theme/wordsmith/images/icons/icon-mail.svg]
[preview.colorlib.com/theme/wordsmith/images/icons/icon-arrow-up.svg]
[preview.colorlib.com/theme/wordsmith/images/icons/icon-plus.svg]
[preview.colorlib.com/theme/wordsmith/images/icons/icon-minus.svg]
[preview.colorlib.com/theme/wordsmith/css/font-awesome/webfonts/fa-brands-400.svg]
[preview.colorlib.com/theme/wordsmith/css/font-awesome/webfonts/fa-regular-400.svg]
[preview.colorlib.com/theme/wordsmith/css/font-awesome/webfonts/fa-solid-900.ttf]
[preview.colorlib.com/theme/wordsmith/css/font-awesome/webfonts/fa-solid-900.svg]
[preview.colorlib.com/theme/wordsmith/css/font-awesome/webfonts/fa-solid-900.svg]
